I'm sorry, but errors were detected in your script. Please correct the
errors listed below, and try again.


File "game/scripts/school/school_library.rpy", line 113: Line is indented, but the preceding say statement statement does not expect a block. Please check this line's indentation. You may have forgotten a colon (:).
    menu:
    ^

Ren'Py Version: Ren'Py 8.3.4.24120703
Tue Dec  2 05:04:45 2025
